// Jest Snapshot v1, https://goo.gl/fbAQLP

exports[`Foo shallow 1`] = `
<Observer>
  <Component />
</Observer>
`;
